Component: ARM Compiler 5.06 update 5 (build 528) Tool: armlink [4d35e2]

==============================================================================

Section Cross References

    main.o(.text) refers to misc.o(.text) for NVIC_Init
    main.o(.text) refers to stm32f10x_gpio.o(.text) for GPIO_WriteBit
    main.o(.text) refers to lcd.o(.text) for LCD_SetWindows
    main.o(.text) refers to ov7670.o(.text) for FIFO_Reset_Read_Addr
    main.o(.text) refers to usart.o(.text) for USART1_Send_Byte
    main.o(.text) refers to ffltui.o(.text) for __aeabi_ui2f
    main.o(.text) refers to cfrcmple.o(.text) for __aeabi_cfrcmple
    main.o(.text) refers to main.o(.data) for LED_flag
    main.o(.text) refers to cfcmple.o(.text) for __aeabi_cfcmple
    main.o(.text) refers to fmul.o(.text) for __aeabi_fmul
    main.o(.text) refers to fdiv.o(.text) for __aeabi_fdiv
    main.o(.text) refers to fadd.o(.text) for __aeabi_fsub
    main.o(.text) refers to fflti.o(.text) for __aeabi_i2f
    main.o(.text) refers to stm32f10x_rcc.o(.text) for RCC_APB1PeriphClockCmd
    main.o(.text) refers to stm32f10x_tim.o(.text) for TIM_TimeBaseInit
    main.o(.text) refers to fsr.o(.text) for FSR_Scan
    main.o(.text) refers to main.o(.bss) for TIM_TimeBaseStructure
    main.o(.text) refers to delay.o(.text) for delayms
    main.o(.text) refers to led.o(.text) for Led_init
    main.o(.text) refers to key.o(.text) for Key_init
    main.o(.text) refers to main.o(.constdata) for pinyin_table
    main.o(.text) refers to stm32f10x_usart.o(.text) for USART_GetITStatus
    main.o(.constdata) refers to main.o(.conststring) for .conststring
    startup_stm32f10x_md.o(RESET) refers to startup_stm32f10x_md.o(STACK) for __initial_sp
    startup_stm32f10x_md.o(RESET) refers to startup_stm32f10x_md.o(.text) for Reset_Handler
    startup_stm32f10x_md.o(RESET) refers to stm32f10x_it.o(.text) for NMI_Handler
    startup_stm32f10x_md.o(RESET) refers to main.o(.text) for TIM3_IRQHandler
    startup_stm32f10x_md.o(.text) refers to system_stm32f10x.o(.text) for SystemInit
    startup_stm32f10x_md.o(.text) refers to entry.o(.ARM.Collect$$$$00000000) for __main
    lcd.o(.text) refers to stm32f10x_rcc.o(.text) for RCC_APB2PeriphClockCmd
    lcd.o(.text) refers to stm32f10x_gpio.o(.text) for GPIO_PinRemapConfig
    lcd.o(.text) refers to delay.o(.text) for delayms
    lcd.o(.text) refers to lcd.o(.constdata) for asc2_1608
    led.o(.text) refers to stm32f10x_rcc.o(.text) for RCC_APB2PeriphClockCmd
    led.o(.text) refers to stm32f10x_gpio.o(.text) for GPIO_Init
    usart.o(.text) refers to stm32f10x_rcc.o(.text) for RCC_APB2PeriphClockCmd
    usart.o(.text) refers to stm32f10x_gpio.o(.text) for GPIO_Init
    usart.o(.text) refers to stm32f10x_usart.o(.text) for USART_Init
    usart.o(.text) refers to misc.o(.text) for NVIC_Init
    key.o(.text) refers to stm32f10x_rcc.o(.text) for RCC_APB2PeriphClockCmd
    key.o(.text) refers to stm32f10x_gpio.o(.text) for GPIO_Init
    key.o(.text) refers to delay.o(.text) for delay_ms
    key.o(.text) refers to key.o(.data) for key_up
    ov7670.o(.text) refers to stm32f10x_rcc.o(.text) for RCC_APB2PeriphClockCmd
    ov7670.o(.text) refers to stm32f10x_gpio.o(.text) for GPIO_Init
    ov7670.o(.text) refers to delay.o(.text) for delay
    ov7670.o(.text) refers to ov7670.o(.constdata) for OV7670_reg
    fsr.o(.text) refers to stm32f10x_rcc.o(.text) for RCC_APB2PeriphClockCmd
    fsr.o(.text) refers to stm32f10x_gpio.o(.text) for GPIO_Init
    fsr.o(.text) refers to delay.o(.text) for delay_ms
    fsr.o(.text) refers to fsr.o(.data) for key_up
    stm32f10x_cec.o(.text) refers to stm32f10x_rcc.o(.text) for RCC_APB1PeriphResetCmd
    stm32f10x_cec.o(.text) refers to debug.o(.text) for assert_failed
    stm32f10x_dbgmcu.o(.text) refers to debug.o(.text) for assert_failed
    stm32f10x_gpio.o(.text) refers to debug.o(.text) for assert_failed
    stm32f10x_gpio.o(.text) refers to stm32f10x_rcc.o(.text) for RCC_APB2PeriphResetCmd
    stm32f10x_rcc.o(.text) refers to debug.o(.text) for assert_failed
    stm32f10x_rcc.o(.text) refers to stm32f10x_rcc.o(.data) for APBAHBPrescTable
    stm32f10x_sdio.o(.text) refers to debug.o(.text) for assert_failed
    stm32f10x_usart.o(.text) refers to debug.o(.text) for assert_failed
    stm32f10x_usart.o(.text) refers to stm32f10x_rcc.o(.text) for RCC_APB2PeriphResetCmd
    stm32f10x_exti.o(.text) refers to debug.o(.text) for assert_failed
    misc.o(.text) refers to debug.o(.text) for assert_failed
    stm32f10x_tim.o(.text) refers to debug.o(.text) for assert_failed
    stm32f10x_tim.o(.text) refers to stm32f10x_rcc.o(.text) for RCC_APB2PeriphResetCmd
    system_stm32f10x.o(.text) refers to system_stm32f10x.o(.data) for SystemCoreClock
    common.o(.text) refers to stm32f10x_usart.o(.text) for USART_SendData
    entry.o(.ARM.Collect$$$$00000000) refers (Special) to entry10a.o(.ARM.Collect$$$$0000000D) for __rt_final_cpp
    entry.o(.ARM.Collect$$$$00000000) refers (Special) to entry11a.o(.ARM.Collect$$$$0000000F) for __rt_final_exit
    entry.o(.ARM.Collect$$$$00000000) refers (Special) to entry7b.o(.ARM.Collect$$$$00000008) for _main_clock
    entry.o(.ARM.Collect$$$$00000000) refers (Special) to entry8b.o(.ARM.Collect$$$$0000000A) for _main_cpp_init
    entry.o(.ARM.Collect$$$$00000000) refers (Special) to entry9a.o(.ARM.Collect$$$$0000000B) for _main_init
    entry.o(.ARM.Collect$$$$00000000) refers (Special) to entry5.o(.ARM.Collect$$$$00000004) for _main_scatterload
    entry.o(.ARM.Collect$$$$00000000) refers (Special) to entry2.o(.ARM.Collect$$$$00000001) for _main_stk
    fadd.o(.text) refers (Special) to iusefp.o(.text) for __I$use$fp
    fadd.o(.text) refers to fepilogue.o(.text) for _float_epilogue
    fmul.o(.text) refers (Special) to iusefp.o(.text) for __I$use$fp
    fdiv.o(.text) refers (Special) to iusefp.o(.text) for __I$use$fp
    fdiv.o(.text) refers to fepilogue.o(.text) for _float_round
    fflti.o(.text) refers (Special) to iusefp.o(.text) for __I$use$fp
    fflti.o(.text) refers to fepilogue.o(.text) for _float_epilogue
    ffltui.o(.text) refers (Special) to iusefp.o(.text) for __I$use$fp
    ffltui.o(.text) refers to fepilogue.o(.text) for _float_epilogue
    cfcmple.o(.text) refers (Special) to iusefp.o(.text) for __I$use$fp
    cfrcmple.o(.text) refers (Special) to iusefp.o(.text) for __I$use$fp
    entry2.o(.ARM.Collect$$$$00000001) refers to entry2.o(.ARM.Collect$$$$00002712) for __lit__00000000
    entry2.o(.ARM.Collect$$$$00002712) refers to startup_stm32f10x_md.o(STACK) for __initial_sp
    entry2.o(__vectab_stack_and_reset_area) refers to startup_stm32f10x_md.o(STACK) for __initial_sp
    entry2.o(__vectab_stack_and_reset_area) refers to entry.o(.ARM.Collect$$$$00000000) for __main
    entry5.o(.ARM.Collect$$$$00000004) refers to init.o(.text) for __scatterload
    entry9a.o(.ARM.Collect$$$$0000000B) refers to main.o(.text) for main
    entry9b.o(.ARM.Collect$$$$0000000C) refers to main.o(.text) for main
    init.o(.text) refers to entry5.o(.ARM.Collect$$$$00000004) for __main_after_scatterload


==============================================================================

Removing Unused input sections from the image.

    Removing startup_stm32f10x_md.o(HEAP), (512 bytes).
    Removing string.o(.data), (6642 bytes).
    Removing stm32f10x_cec.o(.text), (660 bytes).
    Removing stm32f10x_dbgmcu.o(.text), (128 bytes).
    Removing stm32f10x_sdio.o(.text), (1588 bytes).
    Removing stm32f10x_exti.o(.text), (764 bytes).
    Removing core_cm3.o(.emb_text), (32 bytes).
    Removing common.o(.text), (360 bytes).

8 unused section(s) (total 10686 bytes) removed from the image.

==============================================================================

Image Symbol Table

    Local Symbols

    Symbol Name                              Value     Ov Type        Size  Object(Section)

    ../clib/microlib/init/entry.s            0x00000000   Number         0  entry10a.o ABSOLUTE
    ../clib/microlib/init/entry.s            0x00000000   Number         0  entry11b.o ABSOLUTE
    ../clib/microlib/init/entry.s            0x00000000   Number         0  entry11a.o ABSOLUTE
    ../clib/microlib/init/entry.s            0x00000000   Number         0  entry10b.o ABSOLUTE
    ../clib/microlib/init/entry.s            0x00000000   Number         0  entry7a.o ABSOLUTE
    ../clib/microlib/init/entry.s            0x00000000   Number         0  entry9b.o ABSOLUTE
    ../clib/microlib/init/entry.s            0x00000000   Number         0  entry5.o ABSOLUTE
    ../clib/microlib/init/entry.s            0x00000000   Number         0  entry9a.o ABSOLUTE
    ../clib/microlib/init/entry.s            0x00000000   Number         0  entry2.o ABSOLUTE
    ../clib/microlib/init/entry.s            0x00000000   Number         0  entry8b.o ABSOLUTE
    ../clib/microlib/init/entry.s            0x00000000   Number         0  entry8a.o ABSOLUTE
    ../clib/microlib/init/entry.s            0x00000000   Number         0  entry.o ABSOLUTE
    ../clib/microlib/init/entry.s            0x00000000   Number         0  entry7b.o ABSOLUTE
    ../clib/microlib/stubs.s                 0x00000000   Number         0  iusefp.o ABSOLUTE
    ../fplib/microlib/fpadd.c                0x00000000   Number         0  fadd.o ABSOLUTE
    ../fplib/microlib/fpdiv.c                0x00000000   Number         0  fdiv.o ABSOLUTE
    ../fplib/microlib/fpepilogue.c           0x00000000   Number         0  fepilogue.o ABSOLUTE
    ../fplib/microlib/fpflt.c                0x00000000   Number         0  ffltui.o ABSOLUTE
    ../fplib/microlib/fpflt.c                0x00000000   Number         0  fflti.o ABSOLUTE
    ../fplib/microlib/fpmul.c                0x00000000   Number         0  fmul.o ABSOLUTE
    ..\CMSIS\core_cm3.c                      0x00000000   Number         0  core_cm3.o ABSOLUTE
    ..\CMSIS\system_stm32f10x.c              0x00000000   Number         0  system_stm32f10x.o ABSOLUTE
    ..\Common\Common.c                       0x00000000   Number         0  common.o ABSOLUTE
    ..\Library\src\misc.c                    0x00000000   Number         0  misc.o ABSOLUTE
    ..\Library\src\stm32f10x_cec.c           0x00000000   Number         0  stm32f10x_cec.o ABSOLUTE
    ..\Library\src\stm32f10x_dbgmcu.c        0x00000000   Number         0  stm32f10x_dbgmcu.o ABSOLUTE
    ..\Library\src\stm32f10x_exti.c          0x00000000   Number         0  stm32f10x_exti.o ABSOLUTE
    ..\Library\src\stm32f10x_gpio.c          0x00000000   Number         0  stm32f10x_gpio.o ABSOLUTE
    ..\Library\src\stm32f10x_it.c            0x00000000   Number         0  stm32f10x_it.o ABSOLUTE
    ..\Library\src\stm32f10x_rcc.c           0x00000000   Number         0  stm32f10x_rcc.o ABSOLUTE
    ..\Library\src\stm32f10x_sdio.c          0x00000000   Number         0  stm32f10x_sdio.o ABSOLUTE
    ..\Library\src\stm32f10x_tim.c           0x00000000   Number         0  stm32f10x_tim.o ABSOLUTE
    ..\Library\src\stm32f10x_usart.c         0x00000000   Number         0  stm32f10x_usart.o ABSOLUTE
    ..\Utilities\src\FSR.c                   0x00000000   Number         0  fsr.o ABSOLUTE
    ..\Utilities\src\debug.c                 0x00000000   Number         0  debug.o ABSOLUTE
    ..\Utilities\src\delay.c                 0x00000000   Number         0  delay.o ABSOLUTE
    ..\Utilities\src\lcd.c                   0x00000000   Number         0  lcd.o ABSOLUTE
    ..\Utilities\src\led.c                   0x00000000   Number         0  led.o ABSOLUTE
    ..\Utilities\src\ov7670.c                0x00000000   Number         0  ov7670.o ABSOLUTE
    ..\Utilities\src\string.c                0x00000000   Number         0  string.o ABSOLUTE
    ..\Utilities\src\usart.c                 0x00000000   Number         0  usart.o ABSOLUTE
    ..\\CMSIS\\core_cm3.c                    0x00000000   Number         0  core_cm3.o ABSOLUTE
    cfcmple.s                                0x00000000   Number         0  cfcmple.o ABSOLUTE
    cfrcmple.s                               0x00000000   Number         0  cfrcmple.o ABSOLUTE
    dc.s                                     0x00000000   Number         0  dc.o ABSOLUTE
    handlers.s                               0x00000000   Number         0  handlers.o ABSOLUTE
    init.s                                   0x00000000   Number         0  init.o ABSOLUTE
    key.c                                    0x00000000   Number         0  key.o ABSOLUTE
    main.c                                   0x00000000   Number         0  main.o ABSOLUTE
    startup_stm32f10x_md.s                   0x00000000   Number         0  startup_stm32f10x_md.o ABSOLUTE
    RESET                                    0x08000000   Section      236  startup_stm32f10x_md.o(RESET)
    .ARM.Collect$$$$00000000                 0x080000ec   Section        0  entry.o(.ARM.Collect$$$$00000000)
    .ARM.Collect$$$$00000001                 0x080000ec   Section        4  entry2.o(.ARM.Collect$$$$00000001)
    .ARM.Collect$$$$00000004                 0x080000f0   Section        4  entry5.o(.ARM.Collect$$$$00000004)
    .ARM.Collect$$$$00000008                 0x080000f4   Section        0  entry7b.o(.ARM.Collect$$$$00000008)
    .ARM.Collect$$$$0000000A                 0x080000f4   Section        0  entry8b.o(.ARM.Collect$$$$0000000A)
    .ARM.Collect$$$$0000000B                 0x080000f4   Section        8  entry9a.o(.ARM.Collect$$$$0000000B)
    .ARM.Collect$$$$0000000D                 0x080000fc   Section        0  entry10a.o(.ARM.Collect$$$$0000000D)
    .ARM.Collect$$$$0000000F                 0x080000fc   Section        0  entry11a.o(.ARM.Collect$$$$0000000F)
    .ARM.Collect$$$$00002712                 0x080000fc   Section        4  entry2.o(.ARM.Collect$$$$00002712)
    __lit__00000000                          0x080000fc   Data           4  entry2.o(.ARM.Collect$$$$00002712)
    .text                                    0x08000100   Section        0  main.o(.text)
    .text                                    0x080015fc   Section       36  startup_stm32f10x_md.o(.text)
    .text                                    0x08001620   Section        0  stm32f10x_it.o(.text)
    .text                                    0x0800163c   Section        0  lcd.o(.text)
    .text                                    0x08001d58   Section        0  delay.o(.text)
    .text                                    0x08001e0c   Section        0  debug.o(.text)
    .text                                    0x08001e10   Section        0  led.o(.text)
    .text                                    0x08001e64   Section        0  usart.o(.text)
    .text                                    0x08002064   Section        0  key.o(.text)
    .text                                    0x0800210c   Section        0  ov7670.o(.text)
    .text                                    0x08002504   Section        0  fsr.o(.text)
    .text                                    0x080026ac   Section        0  stm32f10x_gpio.o(.text)
    .text                                    0x08003110   Section        0  stm32f10x_rcc.o(.text)
    .text                                    0x08003938   Section        0  stm32f10x_usart.o(.text)
    .text                                    0x080046e0   Section        0  misc.o(.text)
    .text                                    0x080048ac   Section        0  stm32f10x_tim.o(.text)
    TI4_Config                               0x08005339   Thumb Code   130  stm32f10x_tim.o(.text)
    TI3_Config                               0x08005421   Thumb Code   122  stm32f10x_tim.o(.text)
    TI2_Config                               0x0800551b   Thumb Code   164  stm32f10x_tim.o(.text)
    TI1_Config                               0x0800565b   Thumb Code   108  stm32f10x_tim.o(.text)
    .text                                    0x08008010   Section        0  system_stm32f10x.o(.text)
    SetSysClockTo72                          0x08008011   Thumb Code   214  system_stm32f10x.o(.text)
    SetSysClock                              0x080080e7   Thumb Code     8  system_stm32f10x.o(.text)
    .text                                    0x080081f0   Section        0  fadd.o(.text)
    .text                                    0x080082a0   Section        0  fmul.o(.text)
    .text                                    0x08008304   Section        0  fdiv.o(.text)
    .text                                    0x08008380   Section        0  fflti.o(.text)
    .text                                    0x08008392   Section        0  ffltui.o(.text)
    .text                                    0x0800839c   Section       20  cfcmple.o(.text)
    .text                                    0x080083b0   Section       20  cfrcmple.o(.text)
    .text                                    0x080083c4   Section        0  fepilogue.o(.text)
    .text                                    0x080083c4   Section        0  iusefp.o(.text)
    .text                                    0x08008434   Section       36  init.o(.text)
    i.__scatterload_copy                     0x08008458   Section       14  handlers.o(i.__scatterload_copy)
    i.__scatterload_null                     0x08008466   Section        2  handlers.o(i.__scatterload_null)
    i.__scatterload_zeroinit                 0x08008468   Section       14  handlers.o(i.__scatterload_zeroinit)
    .constdata                               0x08008478   Section     1224  main.o(.constdata)
    .constdata                               0x08008940   Section     1520  lcd.o(.constdata)
    .constdata                               0x08008f30   Section      368  ov7670.o(.constdata)
    .conststring                             0x080090a0   Section      111  main.o(.conststring)
    .data                                    0x20000000   Section      196  main.o(.data)
    first_call                               0x200000bd   Data           1  main.o(.data)
    last_occupied                            0x200000be   Data           6  main.o(.data)
    .data                                    0x200000c4   Section        1  key.o(.data)
    key_up                                   0x200000c4   Data           1  key.o(.data)
    .data                                    0x200000c5   Section        2  fsr.o(.data)
    key_up                                   0x200000c5   Data           1  fsr.o(.data)
    key_flag                                 0x200000c6   Data           1  fsr.o(.data)
    .data                                    0x200000c7   Section       20  stm32f10x_rcc.o(.data)
    APBAHBPrescTable                         0x200000c7   Data          16  stm32f10x_rcc.o(.data)
    ADCPrescTable                            0x200000d7   Data           4  stm32f10x_rcc.o(.data)
    .data                                    0x200000dc   Section       20  system_stm32f10x.o(.data)
    .bss                                     0x200000f0   Section     1152  main.o(.bss)
    STACK                                    0x20000570   Section     1024  startup_stm32f10x_md.o(STACK)

    Global Symbols

    Symbol Name                              Value     Ov Type        Size  Object(Section)

    BuildAttributes$$THM_ISAv4$P$D$K$B$S$PE$A:L22UL41UL21$X:L11$S22US41US21$IEEE1$IW$USESV6$~STKCKD$USESV7$~SHL$OTIME$ROPI$EBA8$MICROLIB$REQ8$PRES8$EABIv2 0x00000000   Number         0  anon$$obj.o ABSOLUTE
    __ARM_use_no_argv                        0x00000000   Number         0  main.o ABSOLUTE
    __cpp_initialize__aeabi_                  - Undefined Weak Reference
    __cxa_finalize                            - Undefined Weak Reference
    __decompress                              - Undefined Weak Reference
    _clock_init                               - Undefined Weak Reference
    _microlib_exit                            - Undefined Weak Reference
    __Vectors_Size                           0x000000ec   Number         0  startup_stm32f10x_md.o ABSOLUTE
    __Vectors                                0x08000000   Data           4  startup_stm32f10x_md.o(RESET)
    __Vectors_End                            0x080000ec   Data           0  startup_stm32f10x_md.o(RESET)
    __main                                   0x080000ed   Thumb Code     0  entry.o(.ARM.Collect$$$$00000000)
    _main_stk                                0x080000ed   Thumb Code     0  entry2.o(.ARM.Collect$$$$00000001)
    _main_scatterload                        0x080000f1   Thumb Code     0  entry5.o(.ARM.Collect$$$$00000004)
    __main_after_scatterload                 0x080000f5   Thumb Code     0  entry5.o(.ARM.Collect$$$$00000004)
    _main_clock                              0x080000f5   Thumb Code     0  entry7b.o(.ARM.Collect$$$$00000008)
    _main_cpp_init                           0x080000f5   Thumb Code     0  entry8b.o(.ARM.Collect$$$$0000000A)
    _main_init                               0x080000f5   Thumb Code     0  entry9a.o(.ARM.Collect$$$$0000000B)
    __rt_final_cpp                           0x080000fd   Thumb Code     0  entry10a.o(.ARM.Collect$$$$0000000D)
    __rt_final_exit                          0x080000fd   Thumb Code     0  entry11a.o(.ARM.Collect$$$$0000000F)
    MYRCC_DeInit                             0x08000101   Thumb Code   110  main.o(.text)
    Stm32_Clock_Init                         0x0800016f   Thumb Code   144  main.o(.text)
    LED                                      0x080001ff   Thumb Code    30  main.o(.text)
    Data_LCD_Display                         0x0800021d   Thumb Code   286  main.o(.text)
    send_pic_using_USART                     0x0800033b   Thumb Code   300  main.o(.text)
    RGB_HSV                                  0x08000467   Thumb Code   542  main.o(.text)
    TIM3_IRQHandler                          0x08000685   Thumb Code    30  main.o(.text)
    TIM3_Configuration                       0x080006a3   Thumb Code    62  main.o(.text)
    LCD_DrawRectangle                        0x080006e1   Thumb Code    84  main.o(.text)
    LCD_ShowString_Fixed                     0x08000735   Thumb Code    48  main.o(.text)
    DisplayParkingSpots                      0x08000765   Thumb Code   318  main.o(.text)
    GetStringLen                             0x080008a3   Thumb Code    18  main.o(.text)
    ScanParkingSpots                         0x080008b5   Thumb Code    92  main.o(.text)
    FindString                               0x08000911   Thumb Code   144  main.o(.text)
    DisplayPlateInfo                         0x080009a1   Thumb Code   636  main.o(.text)
    ParseFee                                 0x08000c1d   Thumb Code    34  main.o(.text)
    ParsePlateInfo                           0x08000c3f   Thumb Code   610  main.o(.text)
    Process_State_Machine                    0x08000ea1   Thumb Code   978  main.o(.text)
    main                                     0x08001273   Thumb Code   314  main.o(.text)
    GetIndexFromPinyin                       0x080013ad   Thumb Code    94  main.o(.text)
    LCD_ShowChineseChar                      0x0800140b   Thumb Code   366  main.o(.text)
    USART1_IRQHandler                        0x08001579   Thumb Code   116  main.o(.text)
    Reset_Handler                            0x080015fd   Thumb Code     8  startup_stm32f10x_md.o(.text)
    ADC1_2_IRQHandler                        0x08001617   Thumb Code     0  startup_stm32f10x_md.o(.text)
    CAN1_RX1_IRQHandler                      0x08001617   Thumb Code     0  startup_stm32f10x_md.o(.text)
    CAN1_SCE_IRQHandler                      0x08001617   Thumb Code     0  startup_stm32f10x_md.o(.text)
    DMA1_Channel1_IRQHandler                 0x08001617   Thumb Code     0  startup_stm32f10x_md.o(.text)
    DMA1_Channel2_IRQHandler                 0x08001617   Thumb Code     0  startup_stm32f10x_md.o(.text)
    DMA1_Channel3_IRQHandler                 0x08001617   Thumb Code     0  startup_stm32f10x_md.o(.text)
    DMA1_Channel4_IRQHandler                 0x08001617   Thumb Code     0  startup_stm32f10x_md.o(.text)
    DMA1_Channel5_IRQHandler                 0x08001617   Thumb Code     0  startup_stm32f10x_md.o(.text)
    DMA1_Channel6_IRQHandler                 0x08001617   Thumb Code     0  startup_stm32f10x_md.o(.text)
    DMA1_Channel7_IRQHandler                 0x08001617   Thumb Code     0  startup_stm32f10x_md.o(.text)
    EXTI0_IRQHandler                         0x08001617   Thumb Code     0  startup_stm32f10x_md.o(.text)
    EXTI15_10_IRQHandler                     0x08001617   Thumb Code     0  startup_stm32f10x_md.o(.text)
    EXTI1_IRQHandler                         0x08001617   Thumb Code     0  startup_stm32f10x_md.o(.text)
    EXTI2_IRQHandler                         0x08001617   Thumb Code     0  startup_stm32f10x_md.o(.text)
    EXTI3_IRQHandler                         0x08001617   Thumb Code     0  startup_stm32f10x_md.o(.text)
    EXTI4_IRQHandler                         0x08001617   Thumb Code     0  startup_stm32f10x_md.o(.text)
    EXTI9_5_IRQHandler                       0x08001617   Thumb Code     0  startup_stm32f10x_md.o(.text)
    FLASH_IRQHandler                         0x08001617   Thumb Code     0  startup_stm32f10x_md.o(.text)
    I2C1_ER_IRQHandler                       0x08001617   Thumb Code     0  startup_stm32f10x_md.o(.text)
    I2C1_EV_IRQHandler                       0x08001617   Thumb Code     0  startup_stm32f10x_md.o(.text)
    I2C2_ER_IRQHandler                       0x08001617   Thumb Code     0  startup_stm32f10x_md.o(.text)
    I2C2_EV_IRQHandler                       0x08001617   Thumb Code     0  startup_stm32f10x_md.o(.text)
    PVD_IRQHandler                           0x08001617   Thumb Code     0  startup_stm32f10x_md.o(.text)
    RCC_IRQHandler                           0x08001617   Thumb Code     0  startup_stm32f10x_md.o(.text)
    RTCAlarm_IRQHandler                      0x08001617   Thumb Code     0  startup_stm32f10x_md.o(.text)
    RTC_IRQHandler                           0x08001617   Thumb Code     0  startup_stm32f10x_md.o(.text)
    SPI1_IRQHandler                          0x08001617   Thumb Code     0  startup_stm32f10x_md.o(.text)
    SPI2_IRQHandler                          0x08001617   Thumb Code     0  startup_stm32f10x_md.o(.text)
    TAMPER_IRQHandler                        0x08001617   Thumb Code     0  startup_stm32f10x_md.o(.text)
    TIM1_BRK_IRQHandler                      0x08001617   Thumb Code     0  startup_stm32f10x_md.o(.text)
    TIM1_CC_IRQHandler                       0x08001617   Thumb Code     0  startup_stm32f10x_md.o(.text)
    TIM1_TRG_COM_IRQHandler                  0x08001617   Thumb Code     0  startup_stm32f10x_md.o(.text)
    TIM1_UP_IRQHandler                       0x08001617   Thumb Code     0  startup_stm32f10x_md.o(.text)
    TIM2_IRQHandler                          0x08001617   Thumb Code     0  startup_stm32f10x_md.o(.text)
    TIM4_IRQHandler                          0x08001617   Thumb Code     0  startup_stm32f10x_md.o(.text)
    USART2_IRQHandler                        0x08001617   Thumb Code     0  startup_stm32f10x_md.o(.text)
    USART3_IRQHandler                        0x08001617   Thumb Code     0  startup_stm32f10x_md.o(.text)
    USBWakeUp_IRQHandler                     0x08001617   Thumb Code     0  startup_stm32f10x_md.o(.text)
    USB_HP_CAN1_TX_IRQHandler                0x08001617   Thumb Code     0  startup_stm32f10x_md.o(.text)
    USB_LP_CAN1_RX0_IRQHandler               0x08001617   Thumb Code     0  startup_stm32f10x_md.o(.text)
    WWDG_IRQHandler                          0x08001617   Thumb Code     0  startup_stm32f10x_md.o(.text)
    NMI_Handler                              0x08001621   Thumb Code     2  stm32f10x_it.o(.text)
    HardFault_Handler                        0x08001623   Thumb Code     4  stm32f10x_it.o(.text)
    MemManage_Handler                        0x08001627   Thumb Code     4  stm32f10x_it.o(.text)
    BusFault_Handler                         0x0800162b   Thumb Code     4  stm32f10x_it.o(.text)
    UsageFault_Handler                       0x0800162f   Thumb Code     4  stm32f10x_it.o(.text)
    SVC_Handler                              0x08001633   Thumb Code     2  stm32f10x_it.o(.text)
    DebugMon_Handler                         0x08001635   Thumb Code     2  stm32f10x_it.o(.text)
    PendSV_Handler                           0x08001637   Thumb Code     2  stm32f10x_it.o(.text)
    SysTick_Handler                          0x08001639   Thumb Code     2  stm32f10x_it.o(.text)
    Lcd_Gpio_Init                            0x0800163d   Thumb Code   170  lcd.o(.text)
    LCD_Writ_Bus                             0x080016e7   Thumb Code    32  lcd.o(.text)
    LCD_Write_COM                            0x08001707   Thumb Code    24  lcd.o(.text)
    LCD_Write_DATA                           0x0800171f   Thumb Code    22  lcd.o(.text)
    LCD_Init                                 0x08001735   Thumb Code   618  lcd.o(.text)
    LCD_SetWindows                           0x0800199f   Thumb Code    82  lcd.o(.text)
    LCD_Fill                                 0x080019f1   Thumb Code    76  lcd.o(.text)
    LCD_DrawPoint                            0x08001a3d   Thumb Code    38  lcd.o(.text)
    LCD_ShowChar                             0x08001a63   Thumb Code   182  lcd.o(.text)
    mypow                                    0x08001b19   Thumb Code    22  lcd.o(.text)
    LCD_ShowNumPoint                         0x08001b2f   Thumb Code   194  lcd.o(.text)
    LCD_ShowNum                              0x08001bf1   Thumb Code    74  lcd.o(.text)
    LCD_ReadPoint                            0x08001c3b   Thumb Code   230  lcd.o(.text)
    LCD_ShowString                           0x08001d21   Thumb Code    44  lcd.o(.text)
    delay                                    0x08001d59   Thumb Code    24  delay.o(.text)
    delay_ms                                 0x08001d71   Thumb Code    24  delay.o(.text)
    delay_us                                 0x08001d89   Thumb Code    22  delay.o(.text)
    delayms                                  0x08001d9f   Thumb Code    56  delay.o(.text)
    delayus                                  0x08001dd7   Thumb Code    54  delay.o(.text)
    assert_failed                            0x08001e0d   Thumb Code     4  debug.o(.text)
    Led_init                                 0x08001e11   Thumb Code    74  led.o(.text)
    fputc                                    0x08001e65   Thumb Code    24  usart.o(.text)
    USART1_init                              0x08001e7d   Thumb Code   158  usart.o(.text)
    USART1_Send_Byte                         0x08001f1b   Thumb Code    28  usart.o(.text)
    USART1_Send_String                       0x08001f37   Thumb Code    22  usart.o(.text)
    USART1_SendChar                          0x08001f4d   Thumb Code    28  usart.o(.text)
    USART1_ReceiveChar                       0x08001f69   Thumb Code    24  usart.o(.text)
    USART1_SendNum                           0x08001f81   Thumb Code   112  usart.o(.text)
    USART1_SendNum_0d0a                      0x08001ff1   Thumb Code   106  usart.o(.text)
    Key_init                                 0x08002065   Thumb Code    40  key.o(.text)
    KEY_Scan                                 0x0800208d   Thumb Code   120  key.o(.text)
    OV7670_Gpio_Init                         0x0800210d   Thumb Code   224  ov7670.o(.text)
    SCCB_SID_change_in                       0x080021ed   Thumb Code    30  ov7670.o(.text)
    SCCB_SID_change_out                      0x0800220b   Thumb Code    30  ov7670.o(.text)
    FIFO_Reset_Read_Addr                     0x08002229   Thumb Code    24  ov7670.o(.text)
    startSCCB                                0x08002241   Thumb Code    68  ov7670.o(.text)
    stopSCCB                                 0x08002285   Thumb Code    52  ov7670.o(.text)
    noAck                                    0x080022b9   Thumb Code    68  ov7670.o(.text)
    getAck                                   0x080022fd   Thumb Code    94  ov7670.o(.text)
    SCCBwriteByte                            0x0800235b   Thumb Code    86  ov7670.o(.text)
    SCCBreadByte                             0x080023b1   Thumb Code    92  ov7670.o(.text)
    wr_Sensor_Reg                            0x0800240d   Thumb Code    66  ov7670.o(.text)
    rd_Sensor_Reg                            0x0800244f   Thumb Code    84  ov7670.o(.text)
    Sensor_init                              0x080024a3   Thumb Code    86  ov7670.o(.text)
    FSR_IO_Init                              0x08002505   Thumb Code    50  fsr.o(.text)
    HW_GPIO_Init                             0x08002537   Thumb Code    50  fsr.o(.text)
    SERVO_Init                               0x08002569   Thumb Code    50  fsr.o(.text)
    FSR_Scan                                 0x0800259b   Thumb Code    82  fsr.o(.text)
    HW_Scan                                  0x080025ed   Thumb Code    80  fsr.o(.text)
    servo_ctrl                               0x0800263d   Thumb Code    94  fsr.o(.text)
    GPIO_DeInit                              0x080026ad   Thumb Code   224  stm32f10x_gpio.o(.text)
    GPIO_AFIODeInit                          0x0800278d   Thumb Code    20  stm32f10x_gpio.o(.text)
    GPIO_Init                                0x080027a1   Thumb Code   378  stm32f10x_gpio.o(.text)
    GPIO_StructInit                          0x0800291b   Thumb Code    16  stm32f10x_gpio.o(.text)
    GPIO_ReadInputDataBit                    0x0800292b   Thumb Code   170  stm32f10x_gpio.o(.text)
    GPIO_ReadInputData                       0x080029d5   Thumb Code    64  stm32f10x_gpio.o(.text)
    GPIO_ReadOutputDataBit                   0x08002a15   Thumb Code   232  stm32f10x_gpio.o(.text)
    GPIO_ReadOutputData                      0x08002afd   Thumb Code    66  stm32f10x_gpio.o(.text)
    GPIO_SetBits                             0x08002b3f   Thumb Code    86  stm32f10x_gpio.o(.text)
    GPIO_ResetBits                           0x08002b95   Thumb Code    86  stm32f10x_gpio.o(.text)
    GPIO_WriteBit                            0x08002beb   Thumb Code   188  stm32f10x_gpio.o(.text)
    GPIO_Write                               0x08002ca7   Thumb Code    66  stm32f10x_gpio.o(.text)
    GPIO_PinLockConfig                       0x08002ce9   Thumb Code   100  stm32f10x_gpio.o(.text)
    GPIO_EventOutputConfig                   0x08002d4d   Thumb Code   138  stm32f10x_gpio.o(.text)
    GPIO_EventOutputCmd                      0x08002dd7   Thumb Code    30  stm32f10x_gpio.o(.text)
    GPIO_PinRemapConfig                      0x08002df5   Thumb Code   552  stm32f10x_gpio.o(.text)
    GPIO_EXTILineConfig                      0x0800301d   Thumb Code   186  stm32f10x_gpio.o(.text)
    GPIO_ETH_MediaInterfaceConfig            0x080030d7   Thumb Code    30  stm32f10x_gpio.o(.text)
    RCC_DeInit                               0x08003111   Thumb Code    64  stm32f10x_rcc.o(.text)
    RCC_HSEConfig                            0x08003151   Thumb Code   100  stm32f10x_rcc.o(.text)
    RCC_GetFlagStatus                        0x080031b5   Thumb Code   118  stm32f10x_rcc.o(.text)
    RCC_WaitForHSEStartUp                    0x0800322b   Thumb Code    56  stm32f10x_rcc.o(.text)
    RCC_AdjustHSICalibrationValue            0x08003263   Thumb Code    38  stm32f10x_rcc.o(.text)
    RCC_HSICmd                               0x08003289   Thumb Code    28  stm32f10x_rcc.o(.text)
    RCC_PLLConfig                            0x080032a5   Thumb Code   152  stm32f10x_rcc.o(.text)
    RCC_PLLCmd                               0x0800333d   Thumb Code    28  stm32f10x_rcc.o(.text)
    RCC_SYSCLKConfig                         0x08003359   Thumb Code    42  stm32f10x_rcc.o(.text)
    RCC_GetSYSCLKSource                      0x08003383   Thumb Code    10  stm32f10x_rcc.o(.text)
    RCC_HCLKConfig                           0x0800338d   Thumb Code    66  stm32f10x_rcc.o(.text)
    RCC_PCLK1Config                          0x080033cf   Thumb Code    58  stm32f10x_rcc.o(.text)
    RCC_PCLK2Config                          0x08003409   Thumb Code    60  stm32f10x_rcc.o(.text)
    RCC_ITConfig                             0x08003445   Thumb Code    70  stm32f10x_rcc.o(.text)
    RCC_USBCLKConfig                         0x0800348b   Thumb Code    30  stm32f10x_rcc.o(.text)
    RCC_ADCCLKConfig                         0x080034a9   Thumb Code    52  stm32f10x_rcc.o(.text)
    RCC_LSEConfig                            0x080034dd   Thumb Code   122  stm32f10x_rcc.o(.text)
    RCC_LSICmd                               0x08003557   Thumb Code    30  stm32f10x_rcc.o(.text)
    RCC_RTCCLKConfig                         0x08003575   Thumb Code    52  stm32f10x_rcc.o(.text)
    RCC_RTCCLKCmd                            0x080035a9   Thumb Code    32  stm32f10x_rcc.o(.text)
    RCC_GetClocksFreq                        0x080035c9   Thumb Code   208  stm32f10x_rcc.o(.text)
    RCC_AHBPeriphClockCmd                    0x08003699   Thumb Code    86  stm32f10x_rcc.o(.text)
    RCC_APB2PeriphClockCmd                   0x080036ef   Thumb Code    82  stm32f10x_rcc.o(.text)
    RCC_APB1PeriphClockCmd                   0x08003741   Thumb Code    82  stm32f10x_rcc.o(.text)
    RCC_APB2PeriphResetCmd                   0x08003793   Thumb Code    82  stm32f10x_rcc.o(.text)
    RCC_APB1PeriphResetCmd                   0x080037e5   Thumb Code    82  stm32f10x_rcc.o(.text)
    RCC_BackupResetCmd                       0x08003837   Thumb Code    32  stm32f10x_rcc.o(.text)
    RCC_ClockSecuritySystemCmd               0x08003857   Thumb Code    30  stm32f10x_rcc.o(.text)
    RCC_MCOConfig                            0x08003875   Thumb Code    44  stm32f10x_rcc.o(.text)
    RCC_ClearFlag                            0x080038a1   Thumb Code    18  stm32f10x_rcc.o(.text)
    RCC_GetITStatus                          0x080038b3   Thumb Code    64  stm32f10x_rcc.o(.text)
    RCC_ClearITPendingBit                    0x080038f3   Thumb Code    34  stm32f10x_rcc.o(.text)
    USART_DeInit                             0x08003939   Thumb Code   174  stm32f10x_usart.o(.text)
    USART_Init                               0x080039e7   Thumb Code   450  stm32f10x_usart.o(.text)
    USART_StructInit                         0x08003ba9   Thumb Code    24  stm32f10x_usart.o(.text)
    USART_ClockInit                          0x08003bc1   Thumb Code   162  stm32f10x_usart.o(.text)
    USART_ClockStructInit                    0x08003c63   Thumb Code    12  stm32f10x_usart.o(.text)
    USART_Cmd                                0x08003c6f   Thumb Code    90  stm32f10x_usart.o(.text)
    USART_ITConfig                           0x08003cc9   Thumb Code   316  stm32f10x_usart.o(.text)
    USART_DMACmd                             0x08003e05   Thumb Code   114  stm32f10x_usart.o(.text)
    USART_SetAddress                         0x08003e77   Thumb Code    86  stm32f10x_usart.o(.text)
    USART_WakeUpConfig                       0x08003ecd   Thumb Code    90  stm32f10x_usart.o(.text)
    USART_ReceiverWakeUpCmd                  0x08003f27   Thumb Code    94  stm32f10x_usart.o(.text)
    USART_LINBreakDetectLengthConfig         0x08003f85   Thumb Code    88  stm32f10x_usart.o(.text)
    USART_LINCmd                             0x08003fdd   Thumb Code    94  stm32f10x_usart.o(.text)
    USART_SendData                           0x0800403b   Thumb Code    78  stm32f10x_usart.o(.text)
    USART_ReceiveData                        0x08004089   Thumb Code    56  stm32f10x_usart.o(.text)
    USART_SendBreak                          0x080040c1   Thumb Code    58  stm32f10x_usart.o(.text)
    USART_SetGuardTime                       0x080040fb   Thumb Code    54  stm32f10x_usart.o(.text)
    USART_SetPrescaler                       0x08004131   Thumb Code    66  stm32f10x_usart.o(.text)
    USART_SmartCardCmd                       0x08004173   Thumb Code   102  stm32f10x_usart.o(.text)
    USART_SmartCardNACKCmd                   0x080041d9   Thumb Code    82  stm32f10x_usart.o(.text)
    USART_HalfDuplexCmd                      0x0800422b   Thumb Code    94  stm32f10x_usart.o(.text)
    USART_OverSampling8Cmd                   0x08004289   Thumb Code    92  stm32f10x_usart.o(.text)
    USART_OneBitMethodCmd                    0x080042e5   Thumb Code    94  stm32f10x_usart.o(.text)
    USART_IrDAConfig                         0x08004343   Thumb Code    88  stm32f10x_usart.o(.text)
    USART_IrDACmd                            0x0800439b   Thumb Code    94  stm32f10x_usart.o(.text)
    USART_GetFlagStatus                      0x080043f9   Thumb Code   164  stm32f10x_usart.o(.text)
    USART_ClearFlag                          0x0800449d   Thumb Code   122  stm32f10x_usart.o(.text)
    USART_GetITStatus                        0x08004517   Thumb Code   280  stm32f10x_usart.o(.text)
    USART_ClearITPendingBit                  0x0800462f   Thumb Code   158  stm32f10x_usart.o(.text)
    NVIC_PriorityGroupConfig                 0x080046e1   Thumb Code    54  misc.o(.text)
    NVIC_Init                                0x08004717   Thumb Code   158  misc.o(.text)
    NVIC_SetVectorTable                      0x080047b5   Thumb Code    60  misc.o(.text)
    NVIC_SystemLPConfig                      0x080047f1   Thumb Code    78  misc.o(.text)
    SysTick_CLKSourceConfig                  0x0800483f   Thumb Code    62  misc.o(.text)
    TIM_DeInit                               0x080048ad   Thumb Code   536  stm32f10x_tim.o(.text)
    TIM_TimeBaseInit                         0x08004ac5   Thumb Code   308  stm32f10x_tim.o(.text)
    TIM_OC1Init                              0x08004bf9   Thumb Code   548  stm32f10x_tim.o(.text)
    TIM_OC2Init                              0x08004e1d   Thumb Code   438  stm32f10x_tim.o(.text)
    TIM_OC3Init                              0x08004fd3   Thumb Code   458  stm32f10x_tim.o(.text)
    TIM_OC4Init                              0x0800519d   Thumb Code   302  stm32f10x_tim.o(.text)
    TIM_SetIC4Prescaler                      0x080052cb   Thumb Code   110  stm32f10x_tim.o(.text)
    TIM_SetIC3Prescaler                      0x080053bb   Thumb Code   102  stm32f10x_tim.o(.text)
    TIM_SetIC2Prescaler                      0x0800549b   Thumb Code   128  stm32f10x_tim.o(.text)
    TIM_SetIC1Prescaler                      0x080055bf   Thumb Code   156  stm32f10x_tim.o(.text)
    TIM_ICInit                               0x080056c7   Thumb Code   602  stm32f10x_tim.o(.text)
    TIM_PWMIConfig                           0x08005921   Thumb Code   250  stm32f10x_tim.o(.text)
    TIM_BDTRConfig                           0x08005a1b   Thumb Code   254  stm32f10x_tim.o(.text)
    TIM_TimeBaseStructInit                   0x08005b19   Thumb Code    18  stm32f10x_tim.o(.text)
    TIM_OCStructInit                         0x08005b2b   Thumb Code    20  stm32f10x_tim.o(.text)
    TIM_ICStructInit                         0x08005b3f   Thumb Code    18  stm32f10x_tim.o(.text)
    TIM_BDTRStructInit                       0x08005b51   Thumb Code    18  stm32f10x_tim.o(.text)
    TIM_Cmd                                  0x08005b63   Thumb Code   166  stm32f10x_tim.o(.text)
    TIM_CtrlPWMOutputs                       0x08005c09   Thumb Code   100  stm32f10x_tim.o(.text)
    TIM_ITConfig                             0x08005c6d   Thumb Code   178  stm32f10x_tim.o(.text)
    TIM_GenerateEvent                        0x08005d1f   Thumb Code   144  stm32f10x_tim.o(.text)
    TIM_DMAConfig                            0x08005daf   Thumb Code   358  stm32f10x_tim.o(.text)
    TIM_DMACmd                               0x08005f15   Thumb Code   144  stm32f10x_tim.o(.text)
    TIM_InternalClockConfig                  0x08005fa5   Thumb Code    82  stm32f10x_tim.o(.text)
    TIM_SelectInputTrigger                   0x08005ff7   Thumb Code   130  stm32f10x_tim.o(.text)
    TIM_ITRxExternalClockConfig              0x08006079   Thumb Code   116  stm32f10x_tim.o(.text)
    TIM_TIxExternalClockConfig               0x080060ed   Thumb Code   186  stm32f10x_tim.o(.text)
    TIM_ETRConfig                            0x080061a7   Thumb Code   164  stm32f10x_tim.o(.text)
    TIM_ETRClockMode1Config                  0x0800624b   Thumb Code   226  stm32f10x_tim.o(.text)
    TIM_ETRClockMode2Config                  0x0800632d   Thumb Code   152  stm32f10x_tim.o(.text)
    TIM_PrescalerConfig                      0x080063c5   Thumb Code   146  stm32f10x_tim.o(.text)
    TIM_CounterModeConfig                    0x08006457   Thumb Code   100  stm32f10x_tim.o(.text)
    TIM_EncoderInterfaceConfig               0x080064bb   Thumb Code   212  stm32f10x_tim.o(.text)
    TIM_ForcedOC1Config                      0x0800658f   Thumb Code   144  stm32f10x_tim.o(.text)
    TIM_ForcedOC2Config                      0x0800661f   Thumb Code   116  stm32f10x_tim.o(.text)
    TIM_ForcedOC3Config                      0x08006693   Thumb Code   160  stm32f10x_tim.o(.text)
    TIM_ForcedOC4Config                      0x08006733   Thumb Code    98  stm32f10x_tim.o(.text)
    TIM_ARRPreloadConfig                     0x08006795   Thumb Code   162  stm32f10x_tim.o(.text)
    TIM_SelectCOM                            0x08006837   Thumb Code    90  stm32f10x_tim.o(.text)
    TIM_SelectCCDMA                          0x08006891   Thumb Code   114  stm32f10x_tim.o(.text)
    TIM_CCPreloadControl                     0x08006903   Thumb Code   102  stm32f10x_tim.o(.text)
    TIM_OC1PreloadConfig                     0x08006969   Thumb Code   142  stm32f10x_tim.o(.text)
    TIM_OC2PreloadConfig                     0x080069f7   Thumb Code   114  stm32f10x_tim.o(.text)
    TIM_OC3PreloadConfig                     0x08006a69   Thumb Code    88  stm32f10x_tim.o(.text)
    TIM_OC4PreloadConfig                     0x08006ac1   Thumb Code   166  stm32f10x_tim.o(.text)
    TIM_OC1FastConfig                        0x08006b67   Thumb Code   142  stm32f10x_tim.o(.text)
    TIM_OC2FastConfig                        0x08006bf5   Thumb Code   114  stm32f10x_tim.o(.text)
    TIM_OC3FastConfig                        0x08006c67   Thumb Code    88  stm32f10x_tim.o(.text)
    TIM_OC4FastConfig                        0x08006cbf   Thumb Code    96  stm32f10x_tim.o(.text)
    TIM_ClearOC1Ref                          0x08006d1f   Thumb Code    88  stm32f10x_tim.o(.text)
    TIM_ClearOC2Ref                          0x08006d77   Thumb Code    94  stm32f10x_tim.o(.text)
    TIM_ClearOC3Ref                          0x08006dd5   Thumb Code    88  stm32f10x_tim.o(.text)
    TIM_ClearOC4Ref                          0x08006e2d   Thumb Code    94  stm32f10x_tim.o(.text)
    TIM_OC1PolarityConfig                    0x08006e8b   Thumb Code   202  stm32f10x_tim.o(.text)
    TIM_OC1NPolarityConfig                   0x08006f55   Thumb Code    82  stm32f10x_tim.o(.text)
    TIM_OC2PolarityConfig                    0x08006fa7   Thumb Code   114  stm32f10x_tim.o(.text)
    TIM_OC2NPolarityConfig                   0x08007019   Thumb Code    72  stm32f10x_tim.o(.text)
    TIM_OC3PolarityConfig                    0x08007061   Thumb Code    96  stm32f10x_tim.o(.text)
    TIM_OC3NPolarityConfig                   0x080070c1   Thumb Code    72  stm32f10x_tim.o(.text)
    TIM_OC4PolarityConfig                    0x08007109   Thumb Code    96  stm32f10x_tim.o(.text)
    TIM_CCxCmd                               0x08007169   Thumb Code   186  stm32f10x_tim.o(.text)
    TIM_CCxNCmd                              0x08007223   Thumb Code   122  stm32f10x_tim.o(.text)
    TIM_SelectOCxM                           0x0800729d   Thumb Code   326  stm32f10x_tim.o(.text)
    TIM_UpdateDisableConfig                  0x080073e3   Thumb Code   162  stm32f10x_tim.o(.text)
    TIM_UpdateRequestConfig                  0x08007485   Thumb Code   162  stm32f10x_tim.o(.text)
    TIM_SelectHallSensor                     0x08007527   Thumb Code   114  stm32f10x_tim.o(.text)
    TIM_SelectOnePulseMode                   0x08007599   Thumb Code   156  stm32f10x_tim.o(.text)
    TIM_SelectOutputTrigger                  0x08007635   Thumb Code   144  stm32f10x_tim.o(.text)
    TIM_SelectSlaveMode                      0x080076c5   Thumb Code   118  stm32f10x_tim.o(.text)
    TIM_SelectMasterSlaveMode                0x0800773b   Thumb Code   176  stm32f10x_tim.o(.text)
    TIM_SetCounter                           0x080077eb   Thumb Code   124  stm32f10x_tim.o(.text)
    TIM_SetAutoreload                        0x08007867   Thumb Code   124  stm32f10x_tim.o(.text)
    TIM_SetCompare1                          0x080078e3   Thumb Code   112  stm32f10x_tim.o(.text)
    TIM_SetCompare2                          0x08007953   Thumb Code    76  stm32f10x_tim.o(.text)
    TIM_SetCompare3                          0x0800799f   Thumb Code    58  stm32f10x_tim.o(.text)
    TIM_SetCompare4                          0x080079d9   Thumb Code    60  stm32f10x_tim.o(.text)
    TIM_SetClockDivision                     0x08007a15   Thumb Code   152  stm32f10x_tim.o(.text)
    TIM_GetCapture1                          0x08007aad   Thumb Code   110  stm32f10x_tim.o(.text)
    TIM_GetCapture2                          0x08007b1b   Thumb Code    74  stm32f10x_tim.o(.text)
    TIM_GetCapture3                          0x08007b65   Thumb Code   124  stm32f10x_tim.o(.text)
    TIM_GetCapture4                          0x08007be1   Thumb Code    58  stm32f10x_tim.o(.text)
    TIM_GetCounter                           0x08007c1b   Thumb Code   122  stm32f10x_tim.o(.text)
    TIM_GetPrescaler                         0x08007c95   Thumb Code   122  stm32f10x_tim.o(.text)
    TIM_GetFlagStatus                        0x08007d0f   Thumb Code   206  stm32f10x_tim.o(.text)
    TIM_ClearFlag                            0x08007ddd   Thumb Code   146  stm32f10x_tim.o(.text)
    TIM_GetITStatus                          0x08007e6f   Thumb Code   204  stm32f10x_tim.o(.text)
    TIM_ClearITPendingBit                    0x08007f3b   Thumb Code   214  stm32f10x_tim.o(.text)
    SystemInit                               0x080080ef   Thumb Code    78  system_stm32f10x.o(.text)
    SystemCoreClockUpdate                    0x0800813d   Thumb Code   142  system_stm32f10x.o(.text)
    __aeabi_fadd                             0x080081f1   Thumb Code   164  fadd.o(.text)
    __aeabi_fsub                             0x08008295   Thumb Code     6  fadd.o(.text)
    __aeabi_frsub                            0x0800829b   Thumb Code     6  fadd.o(.text)
    __aeabi_fmul                             0x080082a1   Thumb Code   100  fmul.o(.text)
    __aeabi_fdiv                             0x08008305   Thumb Code   124  fdiv.o(.text)
    __aeabi_i2f                              0x08008381   Thumb Code    18  fflti.o(.text)
    __aeabi_ui2f                             0x08008393   Thumb Code    10  ffltui.o(.text)
    __aeabi_cfcmpeq                          0x0800839d   Thumb Code     0  cfcmple.o(.text)
    __aeabi_cfcmple                          0x0800839d   Thumb Code    20  cfcmple.o(.text)
    __aeabi_cfrcmple                         0x080083b1   Thumb Code    20  cfrcmple.o(.text)
    __I$use$fp                               0x080083c5   Thumb Code     0  iusefp.o(.text)
    _float_round                             0x080083c5   Thumb Code    18  fepilogue.o(.text)
    _float_epilogue                          0x080083d7   Thumb Code    92  fepilogue.o(.text)
    __scatterload                            0x08008435   Thumb Code    28  init.o(.text)
    __scatterload_rt2                        0x08008435   Thumb Code     0  init.o(.text)
    __scatterload_copy                       0x08008459   Thumb Code    14  handlers.o(i.__scatterload_copy)
    __scatterload_null                       0x08008467   Thumb Code     2  handlers.o(i.__scatterload_null)
    __scatterload_zeroinit                   0x08008469   Thumb Code    14  handlers.o(i.__scatterload_zeroinit)
    province_font                            0x08008478   Data         992  main.o(.constdata)
    pinyin_table                             0x08008858   Data         232  main.o(.constdata)
    asc2_1608                                0x08008940   Data        1520  lcd.o(.constdata)
    OV7670_reg                               0x08008f30   Data         368  ov7670.o(.constdata)
    Region$$Table$$Base                      0x08009110   Number         0  anon$$obj.o(Region$$Table)
    Region$$Table$$Limit                     0x08009130   Number         0  anon$$obj.o(Region$$Table)
    current_state                            0x20000000   Data           1  main.o(.data)
    previous_state                           0x20000001   Data           1  main.o(.data)
    gate_state                               0x20000002   Data           1  main.o(.data)
    parking_occupied                         0x20000003   Data           1  main.o(.data)
    capture_ready                            0x20000004   Data           1  main.o(.data)
    state_timer                              0x20000008   Data           4  main.o(.data)
    countdown_seconds                        0x2000000c   Data           4  main.o(.data)
    last_display_countdown                   0x20000010   Data           1  main.o(.data)
    key2_sent                                0x20000011   Data           1  main.o(.data)
    display_plate_info                       0x20000012   Data           1  main.o(.data)
    display_countdown                        0x20000014   Data           4  main.o(.data)
    parking_spots_redraw                     0x20000018   Data           1  main.o(.data)
    cur_status                               0x20000019   Data           1  main.o(.data)
    LED_flag                                 0x2000001a   Data           1  main.o(.data)
    AA                                       0x2000001c   Data           2  main.o(.data)
    BB                                       0x2000001e   Data           2  main.o(.data)
    color                                    0x20000020   Data           2  main.o(.data)
    color_save                               0x20000022   Data           2  main.o(.data)
    R                                        0x20000024   Data           1  main.o(.data)
    G                                        0x20000025   Data           1  main.o(.data)
    B                                        0x20000026   Data           1  main.o(.data)
    Max_ChangePoint_240                      0x20000027   Data           1  main.o(.data)
    Min_ChangePoint_240                      0x20000028   Data           1  main.o(.data)
    Max_bChangePoint                         0x20000029   Data           1  main.o(.data)
    Min_bChangePoint                         0x2000002a   Data           1  main.o(.data)
    a_Continue                               0x2000002b   Data           1  main.o(.data)
    b_Continue                               0x2000002c   Data           1  main.o(.data)
    flag_aMax                                0x2000002d   Data           1  main.o(.data)
    Max_aChangePoint_reset                   0x2000002e   Data           1  main.o(.data)
    Min_aChangePoint_reset                   0x2000002f   Data           1  main.o(.data)
    Length_card                              0x20000030   Data           2  main.o(.data)
    Width_card                               0x20000032   Data           2  main.o(.data)
    Max_aChangePoint_reset_1                 0x20000034   Data           1  main.o(.data)
    Min_aChangePoint_reset_1                 0x20000035   Data           1  main.o(.data)
    flag_MaxMinCompare                       0x20000036   Data           1  main.o(.data)
    V                                        0x20000038   Data           4  main.o(.data)
    S                                        0x2000003c   Data           4  main.o(.data)
    H                                        0x20000040   Data           4  main.o(.data)
    Min_blue                                 0x20000044   Data           2  main.o(.data)
    Max_blue                                 0x20000046   Data           2  main.o(.data)
    k1                                       0x20000048   Data           2  main.o(.data)
    kk1                                      0x2000004a   Data           2  main.o(.data)
    k2                                       0x2000004c   Data           2  main.o(.data)
    kk2                                      0x2000004e   Data           2  main.o(.data)
    k3                                       0x20000050   Data           2  main.o(.data)
    kk3                                      0x20000052   Data           2  main.o(.data)
    k4                                       0x20000054   Data           2  main.o(.data)
    kk4                                      0x20000056   Data           2  main.o(.data)
    k5                                       0x20000058   Data           2  main.o(.data)
    kk5                                      0x2000005a   Data           2  main.o(.data)
    k6                                       0x2000005c   Data           2  main.o(.data)
    kk6                                      0x2000005e   Data           2  main.o(.data)
    k7                                       0x20000060   Data           2  main.o(.data)
    kk7                                      0x20000062   Data           2  main.o(.data)
    k8                                       0x20000064   Data           2  main.o(.data)
    kk8                                      0x20000066   Data           2  main.o(.data)
    R_a                                      0x20000068   Data           1  main.o(.data)
    G_a                                      0x20000069   Data           1  main.o(.data)
    B_a                                      0x2000006a   Data           1  main.o(.data)
    table_char                               0x2000006b   Data          36  main.o(.data)
    table_char_char                          0x2000008f   Data          36  main.o(.data)
    tim3_num                                 0x200000b3   Data           1  main.o(.data)
    table_cardMeasure                        0x200000b4   Data           7  main.o(.data)
    receive_index                            0x200000bb   Data           1  main.o(.data)
    receive_complete                         0x200000bc   Data           1  main.o(.data)
    SystemCoreClock                          0x200000dc   Data           4  system_stm32f10x.o(.data)
    AHBPrescTable                            0x200000e0   Data          16  system_stm32f10x.o(.data)
    TIM_TimeBaseStructure                    0x200000f0   Data          10  main.o(.bss)
    TableChangePoint_240                     0x200000fa   Data         240  main.o(.bss)
    TableChangePoint_320                     0x200001ea   Data         320  main.o(.bss)
    table_picture                            0x2000032a   Data         150  main.o(.bss)
    table_card                               0x200003c0   Data          40  main.o(.bss)
    receive_buffer                           0x200003e8   Data         128  main.o(.bss)
    current_plate                            0x20000468   Data          96  main.o(.bss)
    parking_spots                            0x200004c8   Data         168  main.o(.bss)
    __initial_sp                             0x20000970   Data           0  startup_stm32f10x_md.o(STACK)



==============================================================================

Memory Map of the image

  Image Entry point : 0x080000ed

  Load Region LR_IROM1 (Base: 0x08000000, Size: 0x00009220, Max: 0x00020000, ABSOLUTE)

    Execution Region ER_IROM1 (Exec base: 0x08000000, Load base: 0x08000000, Size: 0x00009130, Max: 0x00020000, ABSOLUTE)

    Exec Addr    Load Addr    Size         Type   Attr      Idx    E Section Name        Object

    0x08000000   0x08000000   0x000000ec   Data   RO          143    RESET               startup_stm32f10x_md.o
    0x080000ec   0x080000ec   0x00000000   Code   RO          437  * .ARM.Collect$$$$00000000  mc_w.l(entry.o)
    0x080000ec   0x080000ec   0x00000004   Code   RO          454    .ARM.Collect$$$$00000001  mc_w.l(entry2.o)
    0x080000f0   0x080000f0   0x00000004   Code   RO          457    .ARM.Collect$$$$00000004  mc_w.l(entry5.o)
    0x080000f4   0x080000f4   0x00000000   Code   RO          459    .ARM.Collect$$$$00000008  mc_w.l(entry7b.o)
    0x080000f4   0x080000f4   0x00000000   Code   RO          461    .ARM.Collect$$$$0000000A  mc_w.l(entry8b.o)
    0x080000f4   0x080000f4   0x00000008   Code   RO          462    .ARM.Collect$$$$0000000B  mc_w.l(entry9a.o)
    0x080000fc   0x080000fc   0x00000000   Code   RO          464    .ARM.Collect$$$$0000000D  mc_w.l(entry10a.o)
    0x080000fc   0x080000fc   0x00000000   Code   RO          466    .ARM.Collect$$$$0000000F  mc_w.l(entry11a.o)
    0x080000fc   0x080000fc   0x00000004   Code   RO          455    .ARM.Collect$$$$00002712  mc_w.l(entry2.o)
    0x08000100   0x08000100   0x000014fc   Code   RO            1    .text               main.o
    0x080015fc   0x080015fc   0x00000024   Code   RO          144    .text               startup_stm32f10x_md.o
    0x08001620   0x08001620   0x0000001a   Code   RO          149    .text               stm32f10x_it.o
    0x0800163a   0x0800163a   0x00000002   PAD
    0x0800163c   0x0800163c   0x0000071c   Code   RO          161    .text               lcd.o
    0x08001d58   0x08001d58   0x000000b4   Code   RO          179    .text               delay.o
    0x08001e0c   0x08001e0c   0x00000004   Code   RO          191    .text               debug.o
    0x08001e10   0x08001e10   0x00000054   Code   RO          203    .text               led.o
    0x08001e64   0x08001e64   0x00000200   Code   RO          215    .text               usart.o
    0x08002064   0x08002064   0x000000a8   Code   RO          231    .text               key.o
    0x0800210c   0x0800210c   0x000003f8   Code   RO          244    .text               ov7670.o
    0x08002504   0x08002504   0x000001a8   Code   RO          268    .text               fsr.o
    0x080026ac   0x080026ac   0x00000a64   Code   RO          305    .text               stm32f10x_gpio.o
    0x08003110   0x08003110   0x00000828   Code   RO          317    .text               stm32f10x_rcc.o
    0x08003938   0x08003938   0x00000da8   Code   RO          343    .text               stm32f10x_usart.o
    0x080046e0   0x080046e0   0x000001cc   Code   RO          367    .text               misc.o
    0x080048ac   0x080048ac   0x00003764   Code   RO          379    .text               stm32f10x_tim.o
    0x08008010   0x08008010   0x000001e0   Code   RO          401    .text               system_stm32f10x.o
    0x080081f0   0x080081f0   0x000000b0   Code   RO          440    .text               mf_w.l(fadd.o)
    0x080082a0   0x080082a0   0x00000064   Code   RO          442    .text               mf_w.l(fmul.o)
    0x08008304   0x08008304   0x0000007c   Code   RO          444    .text               mf_w.l(fdiv.o)
    0x08008380   0x08008380   0x00000012   Code   RO          446    .text               mf_w.l(fflti.o)
    0x08008392   0x08008392   0x0000000a   Code   RO          448    .text               mf_w.l(ffltui.o)
    0x0800839c   0x0800839c   0x00000014   Code   RO          450    .text               mf_w.l(cfcmple.o)
    0x080083b0   0x080083b0   0x00000014   Code   RO          452    .text               mf_w.l(cfrcmple.o)
    0x080083c4   0x080083c4   0x00000000   Code   RO          468    .text               mc_w.l(iusefp.o)
    0x080083c4   0x080083c4   0x0000006e   Code   RO          469    .text               mf_w.l(fepilogue.o)
    0x08008432   0x08008432   0x00000002   PAD
    0x08008434   0x08008434   0x00000024   Code   RO          471    .text               mc_w.l(init.o)
    0x08008458   0x08008458   0x0000000e   Code   RO          475    i.__scatterload_copy  mc_w.l(handlers.o)
    0x08008466   0x08008466   0x00000002   Code   RO          476    i.__scatterload_null  mc_w.l(handlers.o)
    0x08008468   0x08008468   0x0000000e   Code   RO          477    i.__scatterload_zeroinit  mc_w.l(handlers.o)
    0x08008476   0x08008476   0x00000002   PAD
    0x08008478   0x08008478   0x000004c8   Data   RO            3    .constdata          main.o
    0x08008940   0x08008940   0x000005f0   Data   RO          162    .constdata          lcd.o
    0x08008f30   0x08008f30   0x00000170   Data   RO          245    .constdata          ov7670.o
    0x080090a0   0x080090a0   0x0000006f   Data   RO            4    .conststring        main.o
    0x0800910f   0x0800910f   0x00000001   PAD
    0x08009110   0x08009110   0x00000020   Data   RO          473    Region$$Table       anon$$obj.o


    Execution Region RW_IRAM1 (Exec base: 0x20000000, Load base: 0x08009130, Size: 0x00000970, Max: 0x00005000, ABSOLUTE)

    Exec Addr    Load Addr    Size         Type   Attr      Idx    E Section Name        Object

    0x20000000   0x08009130   0x000000c4   Data   RW            5    .data               main.o
    0x200000c4   0x080091f4   0x00000001   Data   RW          232    .data               key.o
    0x200000c5   0x080091f5   0x00000002   Data   RW          269    .data               fsr.o
    0x200000c7   0x080091f7   0x00000014   Data   RW          318    .data               stm32f10x_rcc.o
    0x200000db   0x0800920b   0x00000001   PAD
    0x200000dc   0x0800920c   0x00000014   Data   RW          402    .data               system_stm32f10x.o
    0x200000f0        -       0x00000480   Zero   RW            2    .bss                main.o
    0x20000570        -       0x00000400   Zero   RW          141    STACK               startup_stm32f10x_md.o


==============================================================================

Image component sizes


      Code (inc. data)   RO Data    RW Data    ZI Data      Debug   Object Name

         4          0          0          0          0        660   debug.o
       180          0          0          0          0       1150   delay.o
       424         18          0          2          0       1634   fsr.o
       168          8          0          1          0        700   key.o
      1820         26       1520          0          0       5026   lcd.o
        84         10          0          0          0        455   led.o
      5372        500       1335        196       1152     264958   main.o
       460         48          0          0          0       1925   misc.o
      1016         12        368          0          0       3699   ov7670.o
        36          8        236          0       1024        772   startup_stm32f10x_md.o
      2660        182          0          0          0       7205   stm32f10x_gpio.o
        26          0          0          0          0       1170   stm32f10x_it.o
      2088         84          0         20          0      10152   stm32f10x_rcc.o
     14180        814          0          0          0      31572   stm32f10x_tim.o
      3496        122          0          0          0      10568   stm32f10x_usart.o
       480         38          0         20          0       1671   system_stm32f10x.o
       512         10          0          0          0       3630   usart.o

    ----------------------------------------------------------------------
     33008       1880       3492        240       2176     346947   Object Totals
         0          0         32          0          0          0   (incl. Generated)
         2          0          1          1          0          0   (incl. Padding)

    ----------------------------------------------------------------------

      Code (inc. data)   RO Data    RW Data    ZI Data      Debug   Library Member Name

         0          0          0          0          0          0   entry.o
         0          0          0          0          0          0   entry10a.o
         0          0          0          0          0          0   entry11a.o
         8          4          0          0          0          0   entry2.o
         4          0          0          0          0          0   entry5.o
         0          0          0          0          0          0   entry7b.o
         0          0          0          0          0          0   entry8b.o
         8          4          0          0          0          0   entry9a.o
        30          0          0          0          0          0   handlers.o
        36          8          0          0          0         68   init.o
         0          0          0          0          0          0   iusefp.o
        20          0          0          0          0         68   cfcmple.o
        20          0          0          0          0         68   cfrcmple.o
       176          0          0          0          0        140   fadd.o
       124          0          0          0          0         88   fdiv.o
       110          0          0          0          0        168   fepilogue.o
        18          0          0          0          0         68   fflti.o
        10          0          0          0          0         68   ffltui.o
       100          0          0          0          0         76   fmul.o

    ----------------------------------------------------------------------
       668         16          0          0          0        812   Library Totals
         4          0          0          0          0          0   (incl. Padding)

    ----------------------------------------------------------------------

      Code (inc. data)   RO Data    RW Data    ZI Data      Debug   Library Name

        86         16          0          0          0         68   mc_w.l
       578          0          0          0          0        744   mf_w.l

    ----------------------------------------------------------------------
       668         16          0          0          0        812   Library Totals

    ----------------------------------------------------------------------

==============================================================================


      Code (inc. data)   RO Data    RW Data    ZI Data      Debug   

     33676       1896       3492        240       2176     346611   Grand Totals
     33676       1896       3492        240       2176     346611   ELF Image Totals
     33676       1896       3492        240          0          0   ROM Totals

==============================================================================

    Total RO  Size (Code + RO Data)                37168 (  36.30kB)
    Total RW  Size (RW Data + ZI Data)              2416 (   2.36kB)
    Total ROM Size (Code + RO Data + RW Data)      37408 (  36.53kB)

==============================================================================

